\BOOKMARK [1][-]{section*.1}{\376\377\0001\000.\000\040\000P\000r\000o\000o\000f\000s}{}% 1
\BOOKMARK [2][-]{section*.2}{\376\377\000N\000u\000m\000b\000e\000r\000\040\000S\000y\000s\000t\000e\000m\000\040\000S\000e\000t\000s}{section*.1}% 2
\BOOKMARK [2][-]{section*.3}{\376\377\000T\000e\000r\000m\000i\000n\000o\000l\000o\000g\000i\000e\000s}{section*.1}% 3
\BOOKMARK [3][-]{section*.6}{\376\377\000E\000v\000e\000n\000\040\000a\000n\000d\000\040\000O\000d\000d\000\040\000I\000n\000t\000e\000g\000e\000r\000s}{section*.3}% 4
\BOOKMARK [3][-]{section*.7}{\376\377\000D\000i\000v\000i\000s\000i\000b\000i\000l\000i\000t\000y}{section*.3}% 5
\BOOKMARK [3][-]{section*.8}{\376\377\000P\000r\000i\000m\000e\000\040\000/\000\040\000C\000o\000m\000p\000o\000s\000i\000t\000e}{section*.3}% 6
\BOOKMARK [3][-]{section*.9}{\376\377\000C\000o\000n\000g\000r\000u\000e\000n\000c\000e}{section*.3}% 7
\BOOKMARK [3][-]{section*.10}{\376\377\000R\000a\000t\000i\000o\000n\000a\000l\000i\000t\000y\000\040\000/\000\040\000L\000o\000w\000e\000s\000t\000\040\000T\000e\000r\000m\000\040\000F\000r\000a\000c\000t\000i\000o\000n}{section*.3}% 8
\BOOKMARK [2][-]{section*.11}{\376\377\000M\000e\000t\000h\000o\000d\000s\000\040\000o\000f\000\040\000P\000r\000o\000o\000f}{section*.1}% 9
\BOOKMARK [1][-]{section*.12}{\376\377\0002\000.\000\040\000C\000o\000m\000p\000o\000u\000n\000d\000\040\000S\000t\000a\000t\000e\000m\000e\000n\000t\000s}{}% 10
\BOOKMARK [2][-]{section*.13}{\376\377\000C\000o\000n\000d\000i\000t\000i\000o\000n\000a\000l\000\040\000S\000t\000a\000t\000e\000m\000e\000n\000t\000s}{section*.12}% 11
\BOOKMARK [2][-]{section*.14}{\376\377\000A\000r\000g\000u\000m\000e\000n\000t\000s}{section*.12}% 12
\BOOKMARK [2][-]{section*.21}{\376\377\000R\000u\000l\000e\000s\000\040\000o\000f\000\040\000i\000n\000f\000e\000r\000e\000n\000c\000e}{section*.12}% 13
\BOOKMARK [2][-]{section*.66}{\376\377\000F\000a\000l\000l\000a\000c\000i\000e\000s}{section*.12}% 14
\BOOKMARK [1][-]{section*.67}{\376\377\0003\000.\000\040\000Q\000u\000a\000n\000t\000i\000f\000i\000e\000d\000\040\000S\000t\000a\000t\000e\000m\000e\000n\000t}{}% 15
\BOOKMARK [1][-]{section*.68}{\376\377\0005\000.\000\040\000S\000e\000t\000\040\000T\000h\000e\000o\000r\000y}{}% 16
\BOOKMARK [2][-]{section*.69}{\376\377\000S\000e\000t\000\040\000n\000o\000t\000a\000t\000i\000o\000n\000s\000:}{section*.68}% 17
\BOOKMARK [1][-]{section*.70}{\376\377\0006\000.\000\040\000R\000e\000l\000a\000t\000i\000o\000n\000s}{}% 18
\BOOKMARK [2][-]{section*.71}{\376\377\000R\000e\000l\000a\000t\000i\000o\000n\000s}{section*.70}% 19
\BOOKMARK [2][-]{section*.72}{\376\377\000E\000q\000u\000i\000v\000a\000l\000e\000n\000c\000e\000\040\000R\000e\000l\000a\000t\000i\000o\000n}{section*.70}% 20
\BOOKMARK [2][-]{section*.73}{\376\377\000P\000a\000r\000t\000i\000a\000l\000\040\000O\000r\000d\000e\000r\000\040\000R\000e\000l\000a\000t\000i\000o\000n\000s}{section*.70}% 21
\BOOKMARK [1][-]{section*.74}{\376\377\000P\000r\000o\000v\000e\000n\000,\000\040\000T\000h\000e\000o\000r\000e\000m\000s\000\040\000e\000t\000c\000.}{}% 22
\BOOKMARK [2][-]{section*.75}{\376\377\000N\000u\000m\000b\000e\000r\000s}{section*.74}% 23
\BOOKMARK [2][-]{section*.76}{\376\377\000Q\000u\000a\000n\000t\000i\000f\000i\000e\000r\000s}{section*.74}% 24
\BOOKMARK [2][-]{section*.77}{\376\377\000S\000e\000t\000\040\000T\000h\000e\000o\000r\000y}{section*.74}% 25
\BOOKMARK [2][-]{section*.78}{\376\377\000D\000e\000c\000i\000m\000a\000l\000\040\000\050\000b\000a\000s\000e\000\040\0001\0000\000\051}{section*.74}% 26
\BOOKMARK [2][-]{section*.79}{\376\377\000B\000i\000n\000a\000r\000y\000\040\000\050\000b\000a\000s\000e\000\040\0002\000\051}{section*.74}% 27
\BOOKMARK [2][-]{section*.80}{\376\377\000O\000c\000t\000a\000l\000\040\000\050\000b\000a\000s\000e\000\040\0008\000\051}{section*.74}% 28
\BOOKMARK [2][-]{section*.81}{\376\377\000H\000e\000x\000a\000d\000e\000c\000i\000m\000a\000l\000\040\000\050\000b\000a\000s\000e\000\040\0001\0006\000\051}{section*.74}% 29
\BOOKMARK [2][-]{section*.82}{\376\377\000C\000o\000n\000v\000e\000r\000s\000i\000o\000n\000s}{section*.74}% 30
\BOOKMARK [2][-]{section*.83}{\376\377\000A\000S\000C\000I\000I}{section*.74}% 31
\BOOKMARK [2][-]{section*.84}{\376\377\000N\000e\000g\000a\000t\000i\000v\000e\000\040\000/\000\040\000S\000i\000g\000n\000e\000d\000\040\000N\000u\000m\000b\000e\000r\000s}{section*.74}% 32
\BOOKMARK [2][-]{section*.85}{\376\377\000A\000d\000d\000i\000t\000i\000o\000n\000\040\000/\000\040\000S\000u\000b\000t\000r\000a\000c\000t\000i\000o\000n\000\040\0001\000s\000\040\000\046\000\040\0002\000s\000\040\000C\000o\000m\000p\000l\000e\000m\000e\000n\000t}{section*.74}% 33
\BOOKMARK [2][-]{section*.86}{\376\377\000F\000i\000x\000e\000d\000-\000P\000o\000i\000n\000t\000\040\000R\000e\000p\000r\000e\000s\000e\000n\000t\000a\000t\000i\000o\000n}{section*.74}% 34
\BOOKMARK [2][-]{section*.87}{\376\377\000F\000l\000o\000a\000t\000i\000n\000g\000-\000P\000o\000i\000n\000t\000\040\000R\000e\000p\000r\000e\000s\000e\000n\000t\000a\000t\000i\000o\000n\000\040\000\050\000I\000E\000E\000\040\0007\0005\0004\000\051}{section*.74}% 35
\BOOKMARK [3][-]{section*.88}{\376\377\000I\000E\000E\000\040\0007\0005\0004\000\040\000S\000i\000n\000g\000l\000e\000\040\000p\000r\000e\000c\000i\000s\000i\000o\000n\000\040\000\050\0003\0002\000-\000b\000i\000t\000s\000\051}{section*.87}% 36
\BOOKMARK [1][-]{section*.89}{\376\377\0001\0001\000.\000\040\000P\000r\000o\000c\000e\000s\000s\000o\000r\000\040\000D\000a\000t\000a\000p\000a\000t\000h}{}% 37
\BOOKMARK [2][-]{section*.90}{\376\377\000M\000I\000P\000S\000\040\000I\000n\000s\000t\000r\000u\000c\000t\000i\000o\000n\000\040\000E\000x\000e\000c\000u\000t\000i\000o\000n}{section*.89}% 38
\BOOKMARK [2][-]{section*.91}{\376\377\000F\000e\000t\000c\000h\000\040\000S\000t\000a\000g\000e}{section*.89}% 39
\BOOKMARK [2][-]{section*.92}{\376\377\000D\000e\000c\000o\000d\000e\000\040\000/\000\040\000O\000p\000e\000r\000a\000n\000d\000\040\000F\000e\000t\000c\000h\000\040\000S\000t\000a\000g\000e}{section*.89}% 40
\BOOKMARK [2][-]{section*.93}{\376\377\000M\000u\000l\000t\000i\000p\000l\000e\000x\000e\000r}{section*.89}% 41
\BOOKMARK [2][-]{section*.94}{\376\377\000A\000L\000U\000\040\000S\000t\000a\000g\000e\000\040\000/\000\040\000E\000x\000e\000c\000u\000t\000i\000o\000n\000\040\000S\000t\000a\000g\000e}{section*.89}% 42
\BOOKMARK [3][-]{section*.95}{\376\377\000B\000r\000a\000n\000c\000h\000i\000n\000g\000\040\000i\000n\000\040\000A\000L\000U}{section*.94}% 43
\BOOKMARK [2][-]{section*.96}{\376\377\000M\000e\000m\000o\000r\000y\000\040\000S\000t\000a\000g\000e}{section*.89}% 44
\BOOKMARK [2][-]{section*.97}{\376\377\000R\000e\000g\000i\000s\000t\000e\000r\000\040\000W\000r\000i\000t\000e\000\040\000S\000t\000a\000g\000e}{section*.89}% 45
\BOOKMARK [1][-]{section*.98}{\376\377\0001\0002\000.\000\040\000P\000r\000o\000c\000e\000s\000s\000o\000r\000\040\000C\000o\000n\000t\000r\000o\000l}{}% 46
\BOOKMARK [2][-]{section*.99}{\376\377\000C\000o\000n\000t\000r\000o\000l\000\040\000S\000i\000g\000n\000a\000l\000s}{section*.98}% 47
\BOOKMARK [2][-]{section*.100}{\376\377\000A\000L\000U}{section*.98}% 48
\BOOKMARK [2][-]{section*.101}{\376\377\000M\000u\000l\000t\000i\000l\000e\000v\000e\000l\000\040\000D\000e\000c\000o\000d\000i\000n\000g}{section*.98}% 49
\BOOKMARK [2][-]{section*.102}{\376\377\000C\000o\000n\000t\000r\000o\000l\000\040\000C\000o\000m\000b\000i\000n\000a\000t\000i\000o\000n\000a\000l\000\040\000C\000i\000r\000c\000u\000i\000t}{section*.98}% 50
\BOOKMARK [2][-]{section*.103}{\376\377\000I\000n\000s\000t\000r\000u\000c\000t\000i\000o\000n\000\040\000E\000x\000e\000c\000u\000t\000i\000o\000n}{section*.98}% 51
\BOOKMARK [3][-]{section*.104}{\376\377\000S\000i\000n\000g\000l\000e\000\040\000C\000y\000c\000l\000e\000\040\000E\000x\000e\000c\000u\000t\000i\000o\000n}{section*.103}% 52
\BOOKMARK [3][-]{section*.105}{\376\377\000M\000u\000l\000t\000i\000\040\000C\000y\000c\000l\000e\000\040\000E\000x\000e\000c\000u\000t\000i\000o\000n}{section*.103}% 53
\BOOKMARK [1][-]{section*.106}{\376\377\000D\000a\000t\000a\000p\000a\000t\000h\000\040\000\046\000\040\000C\000o\000n\000t\000r\000o\000l\000\040\000D\000i\000a\000g\000r\000a\000m\000s}{}% 54
