\BOOKMARK [1][-]{section*.1}{\376\377\0002\000.\000\040\000V\000a\000r\000i\000a\000b\000l\000e\000\040\000T\000y\000p\000e}{}% 1
\BOOKMARK [2][-]{section*.2}{\376\377\000D\000a\000t\000a\000\040\000A\000b\000a\000s\000t\000r\000a\000c\000t\000i\000o\000n\000:\000\040\000V\000a\000r\000i\000a\000b\000l\000e\000s}{section*.1}% 2
\BOOKMARK [2][-]{section*.3}{\376\377\000S\000t\000a\000t\000i\000c\000\040\000T\000y\000p\000e}{section*.1}% 3
\BOOKMARK [2][-]{section*.4}{\376\377\000P\000r\000i\000m\000i\000t\000i\000v\000e\000\040\000T\000y\000p\000e\000s\000\040\000\046\000\040\000S\000u\000b\000t\000y\000p\000i\000n\000g}{section*.1}% 4
\BOOKMARK [2][-]{section*.5}{\376\377\000R\000e\000f\000e\000r\000e\000n\000c\000e\000\040\000T\000y\000p\000e\000s}{section*.1}% 5
\BOOKMARK [1][-]{section*.6}{\376\377\0003\000.\000\040\000F\000u\000n\000c\000t\000i\000o\000n\000s}{}% 6
\BOOKMARK [2][-]{section*.7}{\376\377\000A\000b\000s\000t\000r\000a\000c\000t\000i\000o\000n\000\040\000\050\000C\000o\000m\000p\000u\000t\000a\000t\000i\000o\000n\000\051\000\040\000F\000u\000n\000c\000t\000i\000o\000n}{section*.6}% 7
\BOOKMARK [2][-]{section*.8}{\376\377\000A\000b\000s\000t\000r\000a\000c\000t\000i\000o\000n\000\040\000B\000a\000r\000r\000i\000e\000r}{section*.6}% 8
\BOOKMARK [1][-]{section*.9}{\376\377\0004\000.\000\040\000E\000n\000c\000a\000p\000s\000u\000l\000a\000t\000i\000o\000n}{}% 9
\BOOKMARK [2][-]{section*.10}{\376\377\000A\000b\000s\000t\000r\000a\000c\000t\000i\000o\000n\000:\000\040\000C\000o\000m\000p\000o\000s\000i\000t\000e\000\040\000D\000a\000t\000a\000\040\000T\000y\000p\000e\000s}{section*.9}% 10
\BOOKMARK [2][-]{section*.11}{\376\377\000A\000b\000s\000t\000r\000a\000c\000t\000i\000o\000n\000:\000\040\000C\000l\000a\000s\000s\000\040\000a\000.\000k\000.\000a\000\040\000E\000n\000c\000a\000p\000s\000u\000l\000a\000t\000i\000o\000n}{section*.9}% 11
\BOOKMARK [1][-]{section*.12}{\376\377\0005\000.\000\040\000I\000n\000f\000o\000r\000m\000a\000t\000i\000o\000n\000\040\000H\000i\000d\000i\000n\000g}{}% 12
\BOOKMARK [2][-]{section*.13}{\376\377\000C\000o\000n\000s\000t\000r\000u\000c\000t\000o\000r\000s}{section*.12}% 13
\BOOKMARK [1][-]{section*.14}{\376\377\0006\000.\000\040\000T\000e\000l\000l\000\040\000D\000o\000n\000'\000t\000\040\000A\000s\000k}{}% 14
\BOOKMARK [2][-]{section*.15}{\376\377\000A\000c\000c\000e\000s\000s\000o\000r\000\040\000/\000\040\000G\000e\000t\000t\000e\000r\000\040\000\046\000\040\000M\000u\000t\000a\000t\000o\000r\000\040\000/\000\040\000S\000e\000t\000t\000e\000r}{section*.14}% 15
\BOOKMARK [2][-]{section*.16}{\376\377\000T\000e\000l\000l\000\040\000D\000o\000n\000'\000t\000\040\000A\000s\000k\000\040\000P\000r\000i\000n\000c\000i\000p\000l\000e}{section*.14}% 16
\BOOKMARK [1][-]{section*.17}{\376\377\0007\000-\0008\000.\000\040\000C\000l\000a\000s\000s\000\040\000F\000i\000e\000l\000d\000s\000\040\000\046\000\040\000M\000e\000t\000h\000o\000d\000s}{}% 17
\BOOKMARK [2][-]{section*.18}{\376\377\000C\000l\000a\000s\000s\000\040\000F\000i\000e\000l\000d\000s}{section*.17}% 18
\BOOKMARK [2][-]{section*.19}{\376\377\000C\000l\000a\000s\000s\000\040\000M\000e\000t\000h\000o\000d\000s}{section*.17}% 19
\BOOKMARK [1][-]{section*.20}{\376\377\0009\000.\000\040\000C\000o\000m\000p\000o\000s\000i\000t\000i\000o\000n}{}% 20
\BOOKMARK [1][-]{section*.21}{\376\377\0001\0000\000.\000\040\000H\000e\000a\000p\000\040\000\046\000\040\000S\000t\000a\000c\000k}{}% 21
\BOOKMARK [2][-]{section*.22}{\376\377\000T\000y\000p\000e\000\040\000o\000f\000\040\000C\000a\000l\000l\000s}{section*.21}% 22
\BOOKMARK [1][-]{section*.23}{\376\377\0001\0001\000\040\000-\000\040\0001\0003\000.\000\040\000I\000n\000h\000e\000r\000i\000t\000a\000n\000c\000e\000,\000\040\000O\000v\000e\000r\000r\000i\000d\000i\000n\000g\000\040\000\046\000\040\000O\000v\000e\000r\000l\000o\000a\000d\000i\000n\000g}{}% 23
\BOOKMARK [2][-]{section*.24}{\376\377\000I\000n\000h\000e\000r\000i\000t\000a\000n\000c\000e}{section*.23}% 24
\BOOKMARK [2][-]{section*.25}{\376\377\000R\000u\000n\000-\000T\000i\000m\000e\000\040\000v\000s\000\040\000C\000o\000m\000p\000i\000l\000e\000-\000T\000i\000m\000e\000\040\000T\000y\000p\000e}{section*.23}% 25
\BOOKMARK [2][-]{section*.26}{\376\377\000O\000v\000e\000r\000r\000i\000d\000i\000n\000g}{section*.23}% 26
\BOOKMARK [2][-]{section*.27}{\376\377\000O\000v\000e\000r\000l\000o\000a\000d\000i\000n\000g}{section*.23}% 27
\BOOKMARK [1][-]{section*.28}{\376\377\0001\0004\000.\000\040\000P\000o\000l\000y\000m\000o\000r\000p\000h\000i\000s\000m}{}% 28
\BOOKMARK [1][-]{section*.29}{\376\377\0001\0005\000\040\000-\000\040\0001\0006\000.\000\040\000M\000e\000t\000h\000o\000d\000\040\000I\000n\000v\000o\000c\000a\000t\000i\000o\000n\000\040\000\046\000\040\000L\000S\000P}{}% 29
\BOOKMARK [2][-]{section*.30}{\376\377\000M\000e\000t\000h\000o\000d\000\040\000I\000n\000v\000o\000c\000a\000t\000i\000o\000n}{section*.29}% 30
\BOOKMARK [2][-]{section*.31}{\376\377\000L\000i\000s\000k\000o\000v\000\040\000S\000u\000b\000s\000t\000i\000t\000u\000t\000i\000o\000n\000\040\000P\000r\000i\000n\000c\000i\000p\000l\000e}{section*.29}% 31
\BOOKMARK [1][-]{section*.32}{\376\377\0001\0007\000\040\000-\000\040\0001\0008\000.\000\040\000A\000b\000s\000t\000r\000a\000c\000t\000\040\000C\000l\000a\000s\000s\000\040\000\046\000\040\000I\000n\000t\000e\000r\000f\000a\000c\000e}{}% 32
\BOOKMARK [2][-]{section*.33}{\376\377\000A\000b\000s\000t\000r\000a\000c\000t\000\040\000c\000l\000a\000s\000s}{section*.32}% 33
\BOOKMARK [2][-]{section*.34}{\376\377\000I\000n\000t\000e\000r\000f\000a\000c\000e}{section*.32}% 34
\BOOKMARK [2][-]{section*.35}{\376\377\000I\000n\000t\000e\000r\000f\000a\000c\000e\000\040\000C\000a\000s\000t\000i\000n\000g}{section*.32}% 35
\BOOKMARK [1][-]{section*.36}{\376\377\0001\0009\000.\000\040\000W\000r\000a\000p\000p\000e\000r\000\040\000C\000l\000a\000s\000s}{}% 36
\BOOKMARK [1][-]{section*.37}{\376\377\0002\0000\000\040\000-\000\040\0002\0001\000.\000\040\000C\000a\000s\000t\000i\000n\000g\000\040\000\046\000\040\000V\000a\000r\000i\000a\000n\000c\000e}{}% 37
\BOOKMARK [2][-]{section*.38}{\376\377\000C\000a\000s\000t\000i\000n\000g}{section*.37}% 38
\BOOKMARK [2][-]{section*.39}{\376\377\000V\000a\000r\000i\000a\000n\000c\000e}{section*.37}% 39
\BOOKMARK [1][-]{section*.40}{\376\377\0002\0002\000.\000\040\000E\000x\000c\000e\000p\000t\000i\000o\000n}{}% 40
\BOOKMARK [2][-]{section*.41}{\376\377\000C\000a\000t\000c\000h\000i\000n\000g\000\040\000e\000x\000c\000e\000p\000t\000i\000o\000n}{section*.40}% 41
\BOOKMARK [2][-]{section*.42}{\376\377\000T\000h\000r\000o\000w\000i\000n\000g\000\040\000/\000\040\000P\000a\000s\000s\000i\000n\000g\000\040\000E\000x\000c\000e\000p\000t\000i\000o\000n}{section*.40}% 42
\BOOKMARK [2][-]{section*.43}{\376\377\000C\000h\000e\000c\000k\000e\000d\000\040\000v\000s\000\040\000U\000n\000c\000h\000e\000c\000k\000e\000d}{section*.40}% 43
\BOOKMARK [2][-]{section*.44}{\376\377\000C\000o\000n\000t\000r\000o\000l\000\040\000F\000l\000o\000w}{section*.40}% 44
\BOOKMARK [2][-]{section*.45}{\376\377\000C\000r\000e\000a\000t\000i\000n\000g\000\040\000O\000w\000n\000\040\000E\000x\000c\000e\000p\000t\000i\000o\000n}{section*.40}% 45
\BOOKMARK [2][-]{section*.46}{\376\377\000O\000v\000e\000r\000r\000i\000d\000e\000\040\000M\000e\000t\000h\000o\000d\000\040\000T\000h\000r\000o\000w\000i\000n\000g\000\040\000E\000x\000c\000e\000p\000t\000i\000o\000n}{section*.40}% 46
\BOOKMARK [2][-]{section*.47}{\376\377\000B\000e\000s\000t\000\040\000P\000r\000a\000c\000t\000i\000c\000e\000s}{section*.40}% 47
\BOOKMARK [1][-]{section*.48}{\376\377\0002\0003\000\040\000-\000\040\0002\0004\000.\000\040\000G\000e\000n\000e\000r\000i\000c\000s\000\040\000\046\000\040\000T\000y\000p\000e\000\040\000E\000r\000a\000s\000u\000r\000e}{}% 48
\BOOKMARK [2][-]{section*.49}{\376\377\000G\000e\000n\000e\000r\000i\000c\000\040\000C\000l\000a\000s\000s}{section*.48}% 49
\BOOKMARK [2][-]{section*.50}{\376\377\000B\000o\000u\000n\000d\000e\000d\000\040\000P\000a\000r\000a\000m\000e\000t\000e\000r\000s\000\040\000\046\000\040\000G\000e\000n\000e\000r\000i\000c\000\040\000M\000e\000t\000h\000o\000d\000s}{section*.48}% 50
\BOOKMARK [2][-]{section*.51}{\376\377\000T\000y\000p\000e\000\040\000E\000r\000a\000s\000u\000r\000e\000s}{section*.48}% 51
\BOOKMARK [2][-]{section*.52}{\376\377\000A\000r\000r\000a\000y\000s\000\040\000a\000n\000d\000\040\000G\000e\000n\000e\000r\000i\000c\000s\000\040\000d\000o\000n\000'\000t\000\040\000m\000i\000x}{section*.48}% 52
\BOOKMARK [1][-]{section*.53}{\376\377\0002\0005\000.\000\040\000U\000n\000c\000h\000e\000c\000k\000e\000d\000\040\000W\000a\000r\000n\000i\000n\000g\000s}{}% 53
\BOOKMARK [2][-]{section*.54}{\376\377\000R\000a\000w\000\040\000T\000y\000p\000e\000s}{section*.53}% 54
\BOOKMARK [1][-]{section*.55}{\376\377\0002\0006\000\040\000-\000\040\0002\0007\000.\000\040\000W\000i\000l\000d\000c\000a\000r\000d\000s\000\040\000\046\000\040\000T\000y\000p\000e\000\040\000I\000n\000f\000e\000r\000e\000n\000c\000e}{}% 55
