\BOOKMARK [1][-]{section*.1}{\376\377\0001\0002\000.\000\040\000P\000r\000o\000c\000e\000s\000s\000o\000r\000\040\000C\000o\000n\000t\000r\000o\000l}{}% 1
\BOOKMARK [2][-]{section*.2}{\376\377\000C\000o\000n\000t\000r\000o\000l\000\040\000S\000i\000g\000n\000a\000l\000s}{section*.1}% 2
\BOOKMARK [2][-]{section*.3}{\376\377\000A\000L\000U}{section*.1}% 3
\BOOKMARK [2][-]{section*.4}{\376\377\000M\000u\000l\000t\000i\000l\000e\000v\000e\000l\000\040\000D\000e\000c\000o\000d\000i\000n\000g}{section*.1}% 4
\BOOKMARK [2][-]{section*.5}{\376\377\000C\000o\000n\000t\000r\000o\000l\000\040\000C\000o\000m\000b\000i\000n\000a\000t\000i\000o\000n\000a\000l\000\040\000C\000i\000r\000c\000u\000i\000t}{section*.1}% 5
\BOOKMARK [2][-]{section*.6}{\376\377\000I\000n\000s\000t\000r\000u\000c\000t\000i\000o\000n\000\040\000E\000x\000e\000c\000u\000t\000i\000o\000n}{section*.1}% 6
\BOOKMARK [3][-]{section*.7}{\376\377\000S\000i\000n\000g\000l\000e\000\040\000C\000y\000c\000l\000e\000\040\000E\000x\000e\000c\000u\000t\000i\000o\000n}{section*.6}% 7
\BOOKMARK [3][-]{section*.8}{\376\377\000M\000u\000l\000t\000i\000\040\000C\000y\000c\000l\000e\000\040\000E\000x\000e\000c\000u\000t\000i\000o\000n}{section*.6}% 8
\BOOKMARK [1][-]{section*.9}{\376\377\000S\000p\000a\000c\000e\000s\000\040\000a\000n\000d\000\040\000n\000e\000w\000\040\000l\000i\000n\000e\000s}{}% 9
\BOOKMARK [1][-]{section*.10}{\376\377\000C\000o\000m\000m\000e\000n\000t\000s}{}% 10
\BOOKMARK [1][-]{section*.11}{\376\377\000D\000e\000l\000i\000m\000i\000t\000e\000r\000s}{}% 11
\BOOKMARK [1][-]{section*.12}{\376\377\000L\000i\000s\000t\000s}{}% 12
\BOOKMARK [1][-]{section*.13}{\376\377\000S\000y\000m\000b\000o\000l\000s\000\040\000\050\000i\000n\000\040\000m\000a\000t\000h\000\040\000m\000o\000d\000e\000\051}{}% 13
\BOOKMARK [2][-]{section*.14}{\376\377\000T\000h\000e\000\040\000b\000a\000s\000i\000c\000s}{section*.13}% 14
\BOOKMARK [2][-]{section*.15}{\376\377\000F\000u\000n\000c\000t\000i\000o\000n\000s}{section*.13}% 15
\BOOKMARK [2][-]{section*.16}{\376\377\000G\000r\000e\000e\000k\000\040\000a\000n\000d\000\040\000H\000e\000b\000r\000e\000w\000\040\000l\000e\000t\000t\000e\000r\000s}{section*.13}% 16
\BOOKMARK [2][-]{section*.17}{\376\377\000S\000e\000t\000\040\000t\000h\000e\000o\000r\000y}{section*.13}% 17
\BOOKMARK [2][-]{section*.18}{\376\377\000C\000a\000l\000c\000u\000l\000u\000s}{section*.13}% 18
\BOOKMARK [2][-]{section*.19}{\376\377\000L\000o\000g\000i\000c}{section*.13}% 19
\BOOKMARK [2][-]{section*.20}{\376\377\000L\000i\000n\000e\000a\000r\000\040\000a\000l\000g\000e\000b\000r\000a}{section*.13}% 20
\BOOKMARK [2][-]{section*.21}{\376\377\000N\000u\000m\000b\000e\000r\000\040\000t\000h\000e\000o\000r\000y}{section*.13}% 21
\BOOKMARK [2][-]{section*.22}{\376\377\000G\000e\000o\000m\000e\000t\000r\000y\000\040\000a\000n\000d\000\040\000t\000r\000i\000g\000o\000n\000o\000m\000e\000t\000r\000y}{section*.13}% 22
\BOOKMARK [1][-]{section*.23}{\376\377\000S\000y\000m\000b\000o\000l\000s\000\040\000\050\000i\000n\000\040\000t\000e\000x\000t\000\040\000m\000o\000d\000e\000\051}{}% 23
\BOOKMARK [1][-]{section*.24}{\376\377\000R\000e\000s\000o\000u\000r\000c\000e\000s}{}% 24
